1.git log命令显示从最近到最远的提交日志

 $ git log
 commit 1094adb7b9b3807259d8cb349e7df1d4d6477073 (HEAD -> master)
 Author: Michael Liao <askxuefeng@gmail.com>
 Date:   Fri May 18 21:06:15 2018 +0800

     append GPL

 commit e475afc93c209a690c39c13a46716e8fa000c366
 Author: Michael Liao <askxuefeng@gmail.com>
 Date:   Fri May 18 21:03:36 2018 +0800

     add distributed

 commit eaadf4e385e865d25c48e7ca9c8395c3f7dfaef0
 Author: Michael Liao <askxuefeng@gmail.com>
 Date:   Fri May 18 20:59:18 2018 +0800

     wrote a readme file

2.Git必须知道当前版本是哪个版本，在Git中，用HEAD表示当前版本，也就是最新的提交1094adb...（注意我的提交ID和你的肯定不一样），
  上一个版本就是HEAD^，上上一个版本就是HEAD^^，当然往上100个版本写100个^比较容易数不过来，所以写成HEAD~100。
  
3.我们要把当前版本append GPL回退到上一个版本add distributed，就可以使用git reset命令

 $ git reset --hard HEAD^
 HEAD is now at e475afc add distributed
 
4.看看readme.txt的内容是不是版本add distributed

 $ cat readme.txt
 Git is a distributed version control system.
 Git is free software.

5.找到那个append GPL的commit id是1094adb...，于是就可以指定回到未来的某个版本

 $ git reset --hard 1094a
 HEAD is now at 83b0afe append GPL
 
6.Git提供了一个命令git reflog用来记录你的每一次命令

 $ git reflog
 e475afc HEAD@{1}: reset: moving to HEAD^
 1094adb (HEAD -> master) HEAD@{2}: commit: append GPL
 e475afc HEAD@{3}: commit: add distributed
 eaadf4e HEAD@{4}: commit (initial): wrote a readme file